$ bun run --filter '@syra/studio' build
@syra/studio build: React Compiler enabled
@syra/studio build: Expo Autolinking module resolution enabled
@syra/studio build: Starting Metro Bundler
@syra/studio build: 
@syra/studio build:  WARN  Attempted to import the module "/home/nate/Oxy/Syra/.worktrees/1519-final-sdk-adoption-20261003/node_modules/@noble/hashes/crypto.js" which is not listed in the "exports" of "/home/nate/Oxy/Syra/.worktrees/1519-final-sdk-adoption-20261003/node_modules/@noble/hashes" under the requested subpath "./crypto.js". Falling back to file-based resolution. Consider updating the call site or asking the package maintainer(s) to expose this API.
@syra/studio build: Web Bundled 13182ms node_modules/expo-router/entry.js (2883 modules)
@syra/studio build: 
@syra/studio build: › Assets (30):
@syra/studio build: ../../node_modules/@expo/vector-icons/build/vendor/react-native-vector-icons/Fonts/MaterialCommunityIcons.6e435534bd35da5fef04168860a9b8fa.ttf (1.3MB)
@syra/studio build: ../../node_modules/@oxy.so/bloom/lib/module/fonts/assets/BlomusModernus-Bold.c8e4c906b137ccc90f9aa1fbccbe85b2.woff2 (78KB)
@syra/studio build: ../../node_modules/@oxy.so/bloom/lib/module/fonts/assets/BlomusModernus-Regular.6a898c26aeb50e6f31189d06dd2bf3e9.woff2 (78KB)
@syra/studio build: ../../node_modules/@oxy.so/bloom/lib/module/fonts/assets/InterVariable.260c81a4759baf163c025001c4f27872.woff2 (48KB)
@syra/studio build: ../../node_modules/@oxy.so/bloom/lib/module/fonts/assets/JetBrainsMono-Variable.b058178d7f309414f8f856b99fd80d9b.woff2 (40KB)
@syra/studio build: ../../node_modules/@oxy.so/services/lib/module/assets/fonts/icons/OxyServicesIonicons.48b1d8ee549a265d0c1aa67fed7fbca2.ttf (43KB)
@syra/studio build: ../../node_modules/@oxy.so/services/lib/module/assets/fonts/icons/OxyServicesMaterialCommunityIcons.88d575089a17d9d10e08c411fd7105ba.ttf (29KB)
@syra/studio build: ../../node_modules/@oxy.so/services/lib/module/assets/signIn/slide-1.b29a38b76e9e9e426cc152c3a1a56a73.jpg (102KB)
@syra/studio build: ../../node_modules/@oxy.so/services/lib/module/assets/signIn/slide-2.045f767e731a6b2801ce1ea8dbda92f5.jpg (88KB)
@syra/studio build: ../../node_modules/@oxy.so/services/lib/module/assets/signIn/slide-3.32a001447e68adf690be104bddcce0ef.jpg (59KB)
@syra/studio build: ../../node_modules/@oxy.so/services/lib/module/assets/signIn/slide-4.1de81f0781c3c99c5615d0ec8eb5dee6.jpg (47KB)
@syra/studio build: ../../node_modules/expo-router/assets/arrow_down.017bc6ba3fc25503e5eb5e53826d48a8.png (9.5KB)
@syra/studio build: ../../node_modules/expo-router/assets/error.d1ea1496f9057eb392d5bbf3732a61b7.png (469B)
@syra/studio build: ../../node_modules/expo-router/assets/file.19eeb73b9593a38f8e9f418337fc7d10.png (138B)
@syra/studio build: ../../node_modules/expo-router/assets/forward.d8b800c443b8972542883e0b9de2bdc6.png (188B)
@syra/studio build: ../../node_modules/expo-router/assets/pkg.ab19f4cbc543357183a20571f68380a3.png (364B)
@syra/studio build: ../../node_modules/expo-router/assets/react-navigation/elements/back-icon-mask.0a328cd9c1afd0afe8e3b1ec5165b1b4.png (653B)
@syra/studio build: ../../node_modules/expo-router/assets/react-navigation/elements/back-icon.35ba0eaec5a4f5ed12ca16fabeae451d.png (207B)
@syra/studio build: ../../node_modules/expo-router/assets/react-navigation/elements/clear-icon.c94f6478e7ae0cdd9f15de1fcb9e5e55.png (4 variations | 425B)
@syra/studio build: ../../node_modules/expo-router/assets/react-navigation/elements/close-icon.808e1b1b9b53114ec2838071a7e6daa7.png (4 variations | 235B)
@syra/studio build: ../../node_modules/expo-router/assets/react-navigation/elements/search-icon.286d67d3f74808a60a78d3ebf1a5fb57.png (928B)
@syra/studio build: ../../node_modules/expo-router/assets/sitemap.412dd9275b6b48ad28f5e3d81bb1f626.png (465B)
@syra/studio build: ../../node_modules/expo-router/assets/unmatched.20e71bdf79e3a97bf55fd9e164041578.png (4.8KB)
@syra/studio build: ../sdk/src/live/assets/sounds/intro.21bf2931b6f7830ce43b914593d75bb2.mp3 (7.4KB)
@syra/studio build: 
@syra/studio build: › web bundles (74):
@syra/studio build: _expo/static/css/global-afe39e58fcbacbbd220817bae4c32b92.css (55KB)
@syra/studio build: _expo/static/js/web/__common-50799732a4e81bb0ddb3ec55c5ad325b.js (80KB)
@syra/studio build: _expo/static/js/web/__expo-metro-runtime-1f8f5d3ca6b7f58204d51e14506d73fb.js (3.8KB)
@syra/studio build: _expo/static/js/web/AccountMembersScreen-3ba7ec8e96b4a39a9e9069b2f01b4663.js (10KB)
@syra/studio build: _expo/static/js/web/AccountSettingsScreen-628f22a740d04184b79673f30c1cdfae.js (6KB)
@syra/studio build: _expo/static/js/web/AccountVerificationScreen-406e863842e1d28c27187cd25a86b9d4.js (7.3KB)
@syra/studio build: _expo/static/js/web/AppInfoScreen-02486d380fc9109c0f3355239122fa2d.js (12KB)
@syra/studio build: _expo/static/js/web/ar-9d408f3f391a39651266d7843b8ace73.js (178KB)
@syra/studio build: _expo/static/js/web/ar-SA-9b0e6e526ba918696fbee75591d47547.js (35KB)
@syra/studio build: _expo/static/js/web/AvatarCropScreen-1d0a16a3227ed7514ba892300e8130e4.js (21KB)
@syra/studio build: _expo/static/js/web/bn-f820ccf30c735cb7c4fa9b74f02c9660.js (173KB)
@syra/studio build: _expo/static/js/web/ca-b0fb970ba5d653397fbb5203825ec3bf.js (67KB)
@syra/studio build: _expo/static/js/web/ca-ES-3ea590b67afaaadb69eb018810113554.js (13KB)
@syra/studio build: _expo/static/js/web/ChangeAvatarScreen-d95e408b46e8d67f67f6cb22ab9f85c1.js (4.3KB)
@syra/studio build: _expo/static/js/web/ConnectedAppsScreen-e5981b6849e944018d3e8a90ecd35627.js (3.1KB)
@syra/studio build: _expo/static/js/web/CreateAccountScreen-8b61a1d7ec1fc59a0e7b6e68a3e38bcf.js (7.5KB)
@syra/studio build: _expo/static/js/web/de-5c930c5518180fec5028a2e98f42ce33.js (66KB)
@syra/studio build: _expo/static/js/web/de-DE-69f44f598607fee5cf26570ab4426662.js (14KB)
@syra/studio build: _expo/static/js/web/DeleteAccountScreen-0d62014bad5cd72fa8e1f7258c079a6e.js (352B)
@syra/studio build: _expo/static/js/web/DomainsScreen-8a0b80b0d1218d505e07b2753a164cce.js (4.4KB)
@syra/studio build: _expo/static/js/web/EditProfileFieldScreen-ff6b83a5493b0ba1c0202b486ac314fc.js (31KB)
@syra/studio build: _expo/static/js/web/EditProfileScreen-9e486406e35ea24a9048b1eb86a1e9c8.js (3.5KB)
@syra/studio build: _expo/static/js/web/entry-5c1354a778177c7dcf41808777a60cdf.js (6.5MB)
@syra/studio build: _expo/static/js/web/es-1766577470be3826461fe2163ca09ac5.js (67KB)
@syra/studio build: _expo/static/js/web/es-ES-3d23bb041993b1f6d2d82e6877aedbd0.js (67KB)
@syra/studio build: _expo/static/js/web/FileManagementScreen-99e37dafd1fd795b87e488a2ef687e70.js (65KB)
@syra/studio build: _expo/static/js/web/FollowersListScreen-4442be0735fd1ce59797cb3a02d06100.js (301B)
@syra/studio build: _expo/static/js/web/FollowingListScreen-c148ddd3cbd0a86163a162b3d23a8260.js (301B)
@syra/studio build: _expo/static/js/web/fr-c9bc8a5c27377576ec0bf4b5c8403704.js (70KB)
@syra/studio build: _expo/static/js/web/fr-FR-66d9618e9d41f40c53e7e35c521aab62.js (14KB)
@syra/studio build: _expo/static/js/web/Haptics-0c9d4fd61b410022ace49ce3d5e616fe.js (3.6KB)
@syra/studio build: _expo/static/js/web/HelpSupportScreen-86cc6b945bf2c710bf3a05c699d61c21.js (2.9KB)
@syra/studio build: _expo/static/js/web/hi-d8079130ed166950b4ea54543f9d0206.js (168KB)
@syra/studio build: _expo/static/js/web/HistoryViewScreen-934915cda70c49e0cbef1f0137a1604b.js (3.9KB)
@syra/studio build: _expo/static/js/web/id-e51996d2f9784f3c9e9d8c56b03b4ac9.js (61KB)
@syra/studio build: _expo/static/js/web/index-172be216bea63fa75efed646d9f12642.js (4KB)
@syra/studio build: _expo/static/js/web/index-38531d46317bf8bb7a76836db8baaccd.js (13KB)
@syra/studio build: _expo/static/js/web/index-e8af6da34d74d92def0d9271b4dc611c.js (12KB)
@syra/studio build: _expo/static/js/web/internal-7767806be39c55a5cf09d916f7259c08.js (2.4KB)
@syra/studio build: _expo/static/js/web/it-1cad264e58d5070c0e83278497f84cca.js (65KB)
@syra/studio build: _expo/static/js/web/it-IT-a0bf079b0ad7daeef4400310501383bc.js (13KB)
@syra/studio build: _expo/static/js/web/ja-8dc0685ef6f76b72798888230220bd57.js (104KB)
@syra/studio build: _expo/static/js/web/ja-JP-5f524e04c509b7e69a28025af05b6075.js (26KB)
@syra/studio build: _expo/static/js/web/ko-KR-8112564aae7a89312af417ac4a1d0ca9.js (21KB)
@syra/studio build: _expo/static/js/web/LanguageSelectorScreen-8d94f205e16cba5fa28859f84fed6aec.js (3.6KB)
@syra/studio build: _expo/static/js/web/LearnMoreUsernamesScreen-dd504e925ae9f664c5e3054f2981e213.js (4.7KB)
@syra/studio build: _expo/static/js/web/LegalDocumentsScreen-1d9120630b81b378eaf4fb1033c4ff45.js (4.4KB)
@syra/studio build: _expo/static/js/web/LinkCommonsScreen-c64d15a3290a09694980b80425428ddc.js (317B)
@syra/studio build: _expo/static/js/web/ManageAccountScreen-21cef39f82d7e09ad14358c1a9947831.js (22KB)
@syra/studio build: _expo/static/js/web/NotificationsScreen-45f7d933de2e02710f906b6541d03e8a.js (3.2KB)
@syra/studio build: _expo/static/js/web/OxyAccountDialogScreen-a278e2c666b830f6c9261bad7c47ba7f.js (43KB)
@syra/studio build: _expo/static/js/web/PaymentGatewayScreen-e541aff61c020dcb25654eedafe81b4b.js (29KB)
@syra/studio build: _expo/static/js/web/PreferencesScreen-ee02a4a49f09bbe80b86d85c0dbae74a.js (3.4KB)
@syra/studio build: _expo/static/js/web/PrivacySettingsScreen-dcc62cff751836d8fc2dff8385ba29cc.js (12KB)
@syra/studio build: _expo/static/js/web/ProfileScreen-b56224e4e1c944d592ad8a32d4ad5d70.js (8.3KB)
@syra/studio build: _expo/static/js/web/pt-43f3a9cda26185b4878d9c456eac8dfa.js (67KB)
@syra/studio build: _expo/static/js/web/pt-PT-e25374d4f161bc0b40a34d7ab1d1a32a.js (14KB)
@syra/studio build: _expo/static/js/web/ru-e4088a8f5f160ff09e52468cd8ea7f4c.js (199KB)
@syra/studio build: _expo/static/js/web/SearchSettingsScreen-a103f7f55750cee61e8734862bb4b7fa.js (2.5KB)
@syra/studio build: _expo/static/js/web/SecureStore-362487a51764dd1639c85147b8700c7e.js (2.4KB)
@syra/studio build: _expo/static/js/web/SignInAuthenticatorScreen-95c211cfe125cbe9ac766afef80fe862.js (319B)
@syra/studio build: _expo/static/js/web/SignInPasswordScreen-49bba66ba62af39870262493e8dafb6a.js (359B)
@syra/studio build: _expo/static/js/web/tr-a235a2ee036f15836e5f7dfe84f8724a.js (71KB)
@syra/studio build: _expo/static/js/web/TrustAboutScreen-02d72daffdd91f9515cefa57e833f1b8.js (4.9KB)
@syra/studio build: _expo/static/js/web/TrustCenterScreen-e7db409adad1ada602683acdf5a8e28f.js (4.4KB)
@syra/studio build: _expo/static/js/web/TrustFAQScreen-5ff355dc7100e9c7bab7f0865c1c47e2.js (1.8KB)
@syra/studio build: _expo/static/js/web/TrustLeaderboardScreen-d2e9b4125850d510f18d0ff141122f00.js (4.3KB)
@syra/studio build: _expo/static/js/web/TrustRewardsScreen-49a4c2c97697faa960e01c3f1c9f42ac.js (9.4KB)
@syra/studio build: _expo/static/js/web/TrustRulesScreen-b76f5a90b3d1e72a9d088d20ae03cc20.js (2.2KB)
@syra/studio build: _expo/static/js/web/UserLinksScreen-4b7eb1272aab47b685c2f2f7ae6b8b95.js (1.1KB)
@syra/studio build: _expo/static/js/web/WebBrowser-30e986bbeec1c6c1faa393d742cb3a5c.js (8.3KB)
@syra/studio build: _expo/static/js/web/WelcomeNewUserScreen-c1a7eaa068f4cf782f7332ec7ae139e6.js (8.7KB)
@syra/studio build: _expo/static/js/web/zh-5717efee5d03b5c7572284fde312a61e.js (81KB)
@syra/studio build: _expo/static/js/web/zh-CN-2f532e57cc87b8e47fac74441f2970de.js (18KB)
@syra/studio build: 
@syra/studio build: › Files (3):
@syra/studio build: favicon.ico (15KB)
@syra/studio build: index.html (1.6KB)
@syra/studio build: metadata.json (49B)
@syra/studio build: 
@syra/studio build: Exported: dist
@syra/studio build: Exited with code 0
