React Compiler enabled
Expo Autolinking module resolution enabled
Starting Metro Bundler

 WARN  Attempted to import the module "/home/nate/Oxy/Syra/.worktrees/1519-final-sdk-adoption-20261003/node_modules/@noble/hashes/crypto.js" which is not listed in the "exports" of "/home/nate/Oxy/Syra/.worktrees/1519-final-sdk-adoption-20261003/node_modules/@noble/hashes" under the requested subpath "./crypto.js". Falling back to file-based resolution. Consider updating the call site or asking the package maintainer(s) to expose this API.
Web Bundled 87526ms node_modules/expo-router/entry.js (3158 modules)

› Assets (32):
../../node_modules/@expo/vector-icons/build/vendor/react-native-vector-icons/Fonts/Ionicons.b4eb097d35f44ed943676fd56f6bdc51.ttf (390KB)
../../node_modules/@expo/vector-icons/build/vendor/react-native-vector-icons/Fonts/MaterialCommunityIcons.6e435534bd35da5fef04168860a9b8fa.ttf (1.3MB)
../../node_modules/@expo/vector-icons/build/vendor/react-native-vector-icons/Fonts/Octicons.871378c6eab492a3e689a9385dc45a12.ttf (69KB)
../../node_modules/@oxy.so/bloom/lib/module/fonts/assets/BlomusModernus-Bold.c8e4c906b137ccc90f9aa1fbccbe85b2.woff2 (78KB)
../../node_modules/@oxy.so/bloom/lib/module/fonts/assets/BlomusModernus-Regular.6a898c26aeb50e6f31189d06dd2bf3e9.woff2 (78KB)
../../node_modules/@oxy.so/bloom/lib/module/fonts/assets/InterVariable.260c81a4759baf163c025001c4f27872.woff2 (48KB)
../../node_modules/@oxy.so/bloom/lib/module/fonts/assets/JetBrainsMono-Variable.b058178d7f309414f8f856b99fd80d9b.woff2 (40KB)
../../node_modules/@oxy.so/services/lib/module/assets/fonts/icons/OxyServicesIonicons.48b1d8ee549a265d0c1aa67fed7fbca2.ttf (43KB)
../../node_modules/@oxy.so/services/lib/module/assets/fonts/icons/OxyServicesMaterialCommunityIcons.88d575089a17d9d10e08c411fd7105ba.ttf (29KB)
../../node_modules/@oxy.so/services/lib/module/assets/signIn/slide-1.b29a38b76e9e9e426cc152c3a1a56a73.jpg (102KB)
../../node_modules/@oxy.so/services/lib/module/assets/signIn/slide-2.045f767e731a6b2801ce1ea8dbda92f5.jpg (88KB)
../../node_modules/@oxy.so/services/lib/module/assets/signIn/slide-3.32a001447e68adf690be104bddcce0ef.jpg (59KB)
../../node_modules/@oxy.so/services/lib/module/assets/signIn/slide-4.1de81f0781c3c99c5615d0ec8eb5dee6.jpg (47KB)
../../node_modules/expo-router/assets/arrow_down.017bc6ba3fc25503e5eb5e53826d48a8.png (9.5KB)
../../node_modules/expo-router/assets/error.d1ea1496f9057eb392d5bbf3732a61b7.png (469B)
../../node_modules/expo-router/assets/file.19eeb73b9593a38f8e9f418337fc7d10.png (138B)
../../node_modules/expo-router/assets/forward.d8b800c443b8972542883e0b9de2bdc6.png (188B)
../../node_modules/expo-router/assets/pkg.ab19f4cbc543357183a20571f68380a3.png (364B)
../../node_modules/expo-router/assets/react-navigation/elements/back-icon-mask.0a328cd9c1afd0afe8e3b1ec5165b1b4.png (653B)
../../node_modules/expo-router/assets/react-navigation/elements/back-icon.35ba0eaec5a4f5ed12ca16fabeae451d.png (207B)
../../node_modules/expo-router/assets/react-navigation/elements/clear-icon.c94f6478e7ae0cdd9f15de1fcb9e5e55.png (4 variations | 425B)
../../node_modules/expo-router/assets/react-navigation/elements/close-icon.808e1b1b9b53114ec2838071a7e6daa7.png (4 variations | 235B)
../../node_modules/expo-router/assets/react-navigation/elements/search-icon.286d67d3f74808a60a78d3ebf1a5fb57.png (928B)
../../node_modules/expo-router/assets/sitemap.412dd9275b6b48ad28f5e3d81bb1f626.png (465B)
../../node_modules/expo-router/assets/unmatched.20e71bdf79e3a97bf55fd9e164041578.png (4.8KB)
../sdk/src/live/assets/sounds/intro.21bf2931b6f7830ce43b914593d75bb2.mp3 (7.4KB)

› web bundles (72):
_expo/static/css/global-e7dc99ea1eb58889e2f7e730d2a8bec0.css (57KB)
_expo/static/js/web/__common-5155a64f249cf87f8877aa811333ffee.js (75KB)
_expo/static/js/web/__expo-metro-runtime-beff96064147bde5b1983fe629d44cbe.js (3.8KB)
_expo/static/js/web/AccountMembersScreen-c74ab16e0d48a1c83612dddd0d0902e0.js (10KB)
_expo/static/js/web/AccountSettingsScreen-7b0ca7bcb6f473e7b6d8b35a60a44c65.js (6KB)
_expo/static/js/web/AccountVerificationScreen-c4d3abfb7691bf14e9ab0153f632837e.js (7.3KB)
_expo/static/js/web/AppInfoScreen-dc66c37a5bafe6adcc88ef7647457a44.js (12KB)
_expo/static/js/web/ar-094cb5c18f881acecd1fa5278b3b3d97.js (86KB)
_expo/static/js/web/ar-SA-8e7d98be1f0b933e8bed92f6c869ad1b.js (16KB)
_expo/static/js/web/AvatarCropScreen-2b1c0794ddd41b0c4b47875b91345792.js (21KB)
_expo/static/js/web/bn-adc092793982b13678069e801ab6776a.js (105KB)
_expo/static/js/web/ca-5e29b24618aa626a37323fbc2a9e528d.js (65KB)
_expo/static/js/web/ca-ES-d1b49d8248fee7e26a45227b07431514.js (13KB)
_expo/static/js/web/ChangeAvatarScreen-55ed125f80475396a6be213e495f32be.js (4.3KB)
_expo/static/js/web/ConnectedAppsScreen-eee78bc991d937b08f16f58bb94b3f51.js (3.1KB)
_expo/static/js/web/CreateAccountScreen-c1e292c3bcd813f94581850df0776e4b.js (7.5KB)
_expo/static/js/web/de-0009862af7d014e9067eb4e508c8365d.js (65KB)
_expo/static/js/web/de-DE-4b804f3363641e35997f9ba1e7ecbe90.js (14KB)
_expo/static/js/web/DeleteAccountScreen-ed36831eaa67322b1106dc5d9a17c834.js (348B)
_expo/static/js/web/DomainsScreen-b0b355ad421b22c18a6d3c5f6f81b032.js (4.4KB)
_expo/static/js/web/EditProfileFieldScreen-22573cffd947165550e85387c0532969.js (31KB)
_expo/static/js/web/EditProfileScreen-8d25239b481a876af18ac57747c3180c.js (3.5KB)
_expo/static/js/web/entry-b7235524132acd22381fa6bd4a1f14b1.js (8.3MB)
_expo/static/js/web/es-ES-a261ec99f6fd4e4ee2717cbacd6fc629.js (66KB)
_expo/static/js/web/es-f0153fe3c5265deefe57aa4d8c327c49.js (65KB)
_expo/static/js/web/FileManagementScreen-68551af21ea7f12dfcf4bb1656e44f37.js (65KB)
_expo/static/js/web/FollowersListScreen-383e836f3548fb4d43d087ff16858580.js (312B)
_expo/static/js/web/FollowingListScreen-8bc79bad45efbc8388c0e7a2b1574282.js (312B)
_expo/static/js/web/fr-5e2c75eea2c7467f704d708e21eb4406.js (67KB)
_expo/static/js/web/fr-FR-113c9f607c902ff0e1460557a2ddd962.js (14KB)
_expo/static/js/web/HelpSupportScreen-a61e8118b78864f78dfd495013b9f00a.js (2.9KB)
_expo/static/js/web/hi-447999eb88487bdf5149bae090caf077.js (103KB)
_expo/static/js/web/HistoryViewScreen-6dcc105aa2c3f894a02937c70df8d292.js (3.9KB)
_expo/static/js/web/id-92729dfbfd3b5f55cea463c6deee8e93.js (61KB)
_expo/static/js/web/index-692ade6b114816f238ba5addc7776c1c.js (62KB)
_expo/static/js/web/index-d9fe3e51f767779e115401933bc09f99.js (13KB)
_expo/static/js/web/internal-8421cb36ad7028afc91bb61bfb82c2b1.js (2.4KB)
_expo/static/js/web/it-c9cdbe6cc6559bb946e35f0b6c220914.js (65KB)
_expo/static/js/web/it-IT-f3974375bc5b44f7604221204d5b0117.js (13KB)
_expo/static/js/web/ja-6d9a42f5ab1d6865bf66e7c9e018e2e2.js (69KB)
_expo/static/js/web/ja-JP-c2acc7d21d5b4e8c1bb0ab71ac20c4b9.js (16KB)
_expo/static/js/web/ko-KR-bc804a82d9580cb8d25dca6ece6a25cf.js (14KB)
_expo/static/js/web/LanguageSelectorScreen-e66fd61e882d469887db90b31a87865f.js (3.6KB)
_expo/static/js/web/LearnMoreUsernamesScreen-0339c229a77d1aa8c7b615eb479eaea2.js (4.7KB)
_expo/static/js/web/LegalDocumentsScreen-1b3ffc4621dc18b015863eab76a3e31b.js (4.4KB)
_expo/static/js/web/LinkCommonsScreen-f272cfec38cb3c102e79ba430fd0d7bc.js (313B)
_expo/static/js/web/ManageAccountScreen-9124f30f4463499a0dbb516c305bd6e9.js (21KB)
_expo/static/js/web/NotificationsScreen-6b0e960209c86a302d7dd4d3f2537cc5.js (3.2KB)
_expo/static/js/web/OxyAccountDialogScreen-08b612936a8ef33319142594eeca7623.js (43KB)
_expo/static/js/web/PaymentGatewayScreen-5e61bf2337bdd80379c4256b6dfe6a37.js (29KB)
_expo/static/js/web/PreferencesScreen-f06b05b4df77389b6b57f5cbd283cab9.js (3.4KB)
_expo/static/js/web/PrivacySettingsScreen-f605d6100d637217954d3cd0303f6ca3.js (12KB)
_expo/static/js/web/ProfileScreen-04c0b03aa672d3e7e791b5568a51c4b2.js (8.3KB)
_expo/static/js/web/pt-7455cc095184ee7d910cd91de4c7fe7e.js (65KB)
_expo/static/js/web/pt-PT-875ae482e0bfa4d0fb54237c0abeed68.js (13KB)
_expo/static/js/web/ru-26d5313ae3396bad3b90acdf50b6c695.js (92KB)
_expo/static/js/web/SearchSettingsScreen-03e5478f76e817b858616b8f037feab3.js (2.5KB)
_expo/static/js/web/SecureStore-7db7aaae267f6998a43733edff21719c.js (2.4KB)
_expo/static/js/web/SignInAuthenticatorScreen-55d4538b35fbf1f7bd23d82630a0bc04.js (315B)
_expo/static/js/web/SignInPasswordScreen-49ee94b730f14a90ab5c7f1992261cc7.js (355B)
_expo/static/js/web/tr-bb46ffa825bda403a8b88650ec3816d8.js (63KB)
_expo/static/js/web/TrustAboutScreen-536b9b3a8ec0ea4479d5a990dcbfd250.js (5KB)
_expo/static/js/web/TrustCenterScreen-a3b55c63dd2cb35b8b2d1be282d71077.js (4.4KB)
_expo/static/js/web/TrustFAQScreen-eafa30dac019f94d3bbec31ee5b734fe.js (1.8KB)
_expo/static/js/web/TrustLeaderboardScreen-01054d98a0c6d188e20db143ff8569b7.js (4.3KB)
_expo/static/js/web/TrustRewardsScreen-42983dbdf7daf3110c84cf65699d4255.js (9.4KB)
_expo/static/js/web/TrustRulesScreen-bc883f998a480067c9fe503d81cabd24.js (2.2KB)
_expo/static/js/web/UserLinksScreen-e2b2e0fbbb9098f200ceb1b7bba00e98.js (1KB)
_expo/static/js/web/WebBrowser-d91dda84c1fda1183b37e2901fd4486e.js (8.3KB)
_expo/static/js/web/WelcomeNewUserScreen-959c352753e90356fab0e968e7faf175.js (8.6KB)
_expo/static/js/web/zh-93a0d883640c5a18aa03b0002d19a111.js (58KB)
_expo/static/js/web/zh-CN-14ee368f862ec6a37902f3acee676108.js (12KB)

› Files (3):
favicon.ico (15KB)
index.html (1.6KB)
metadata.json (49B)

Exported: dist
